3
x0 = -8.428442858E13
x1 = 1.000000024E15
x2 = 6.421332143E10
1E-12
