3
x0 = 1.692363231E-12
x1 = -9.395163242E-18
x2 = -1.692363227E-11
1E-12