3
x0 = -1.250962543E9
x1 = 6949.778004
x2 = 1.250938222E9
1E-12