3
x0 = -4.681578237E-3
x1 = 2.600876798E-8
x2 = 3.504681487
1E-12
