3
x0 = 2.499998571E12
x1 = 2857146939
x2 = 5.987500007E-64
1E-12