3
x0 = 1.677419328E63
x1 = -1.290322453E62
x2 = -1.225806435E63
1E-12