3
x0 = 5.913715054E-51
x1 = -4.300947312-51
x2 = 9.139950538E-51
1E-12
