3
x0 = -8.428442903139819E13
x1 = 1.0000000238977988E15
x2 = 6.421332142455798E10
1.3720674702319385E-6
