3
x0 = 1.6923632307771693E-12
x1 = -9.39516324173683E-18
x2 = -1.692363227244286E-11
2.6885160778993728E-11
