3
x0 = -1.2509625426279812E9
x1 = 6949.777965159723
x2 = 1.2509382219052336E9
3.5113936668604424E16
