3
x0 = 1.677419328494683E63
x1 = -1.2903224526886021E62
x2 = -1.2258064350536722E63
7.649719125000961E47
