3
x0 = 5.913715053765118E-51
x1 = -4.3009473118280855E-51
x2 = 9.139950537633181E-51
3.432983713229514E-66
